// Bun Snapshot v1, https://goo.gl/fbAQLP

exports[`promptManagerUtils mapPromptToFileInfo should map prompt to file info 1`] = `
{
  "category": "testCategory",
  "description": "Test description",
  "filePath": "/base/path/testCategory/testName/prompt.json",
  "name": "testName",
  "template": "Test template",
  "version": "1.0.0",
}
`;
